// Jest Snapshot v1, https://goo.gl/fbAQLP

exports[`render <ProfileEditPassword /> 1`] = `
<div
  className="sc-kpOJdX iLOjFd"
>
  <h2
    className="sc-EHOje huHsqC"
  >
    新しいパスワードを
入力してください
  </h2>
  <div
    className="sc-chPdSV vudLc"
  >
    <div
      className="sc-kgoBCf bknRoy"
      data-error={false}
    >
      現在のパスワード
    </div>
    <input
      className="sc-kGXeez kDhomH"
      data-error={false}
      maxLength={72}
      onInput={[Function]}
      pattern="^[0-9A-Za-z]+$"
      placeholder="半角英数8字以上"
      type="password"
    />
    <div
      className="sc-kgoBCf bknRoy"
      data-error={false}
    >
      新しいパスワード
    </div>
    <input
      className="sc-kGXeez kDhomH"
      data-error={false}
      maxLength={72}
      onInput={[Function]}
      pattern="^[0-9A-Za-z]+$"
      placeholder="半角英数8字以上"
      type="password"
    />
  </div>
  <div
    className="sc-kAzzGY fSQYXF"
  >
    <button
      className="sc-gqjmRU dvUoAf"
      data-active={true}
      fontSize={40}
      height={112}
      width={304}
    >
      <a
        className="sc-jzJRlG dIrfbV"
        href="/teachers/profile/edit"
        onClick={[Function]}
      >
        戻る
      </a>
    </button>
    <button
      className="sc-VigVT fnVOmk"
      data-active={false}
      fontSize={40}
      height={112}
      onClick={[Function]}
      width={304}
    >
      <div
        className="sc-cSHVUG jrqQTV"
      >
        完了
      </div>
    </button>
  </div>
  <div
    className="sc-bZQynM exyLZf"
  >
    <div
      className="sc-gzVnrw iZddOJ"
    >
      パスワードを変更
    </div>
    <a
      className="sc-htoDjs bISPcs"
      href="/teachers/mypage"
      onClick={[Function]}
    >
      ホームに戻る
    </a>
    <div
      className="sc-dnqmqq gIvixX"
    >
      <a
        className="sc-iwsKbI kedmBh"
        href="/teachers/notifications"
        onClick={[Function]}
      />
      <a
        className="sc-gZMcBi jjSsDW"
        href="/teachers/support"
        onClick={[Function]}
      />
    </div>
  </div>
</div>
`;
