// Jest Snapshot v1, https://goo.gl/fbAQLP

exports[`render <ProfileEditGender /> 1`] = `
<div
  className="sc-kGXeez fzQcqu"
>
  <h2
    className="sc-EHOje fFEDTl"
  >
    新しい性別を選んでください
  </h2>
  <div
    className="sc-VigVT ePeGpc"
  >
    <button
      className="sc-gqjmRU cpXbea"
      data-selected={false}
      fontSize={48}
      onClick={[Function]}
      size={240}
    >
      男性
    </button>
    <button
      className="sc-gqjmRU cpXbea"
      data-selected={false}
      fontSize={48}
      onClick={[Function]}
      size={240}
    >
      女性
    </button>
  </div>
  <div
    className="sc-kgoBCf kpiKIu"
  >
    <button
      className="sc-jTzLTM dHEDWU"
      data-active={true}
      fontSize={40}
      height={112}
      width={304}
    >
      <a
        className="sc-kAzzGY dUuMvI"
        href="/teachers/profile/edit"
        onClick={[Function]}
      >
        戻る
      </a>
    </button>
    <button
      className="sc-fjdhpX gMTHuD"
      data-active={false}
      fontSize={40}
      height={112}
      onClick={[Function]}
      width={304}
    >
      <div
        className="sc-chPdSV hdIjsw"
      >
        完了
      </div>
    </button>
  </div>
  <div
    className="sc-bZQynM exyLZf"
  >
    <div
      className="sc-gzVnrw iZddOJ"
    >
      性別を変更
    </div>
    <a
      className="sc-htoDjs bISPcs"
      href="/teachers/mypage"
      onClick={[Function]}
    >
      ホームに戻る
    </a>
    <div
      className="sc-dnqmqq gIvixX"
    >
      <a
        className="sc-iwsKbI kedmBh"
        href="/teachers/notifications"
        onClick={[Function]}
      />
      <a
        className="sc-gZMcBi jjSsDW"
        href="/teachers/support"
        onClick={[Function]}
      />
    </div>
  </div>
</div>
`;
