// Jest Snapshot v1, https://goo.gl/fbAQLP

exports[`render <StudentsProfileEditPassword /> 1`] = `
<div
  className="sc-kEYyzF lhxmFk"
>
  <div
    className="sc-gqjmRU cTuUiK"
  >
    <div
      className="sc-gZMcBi UIhMm"
    >
      <div
        className="sc-iwsKbI dRoDuh"
      >
        Current Password
      </div>
      <input
        className="sc-dnqmqq cFKGVo"
        data-error={false}
        onInput={[Function]}
        placeholder="Current Password"
        type="password"
      />
      <div
        className="sc-htoDjs knnjmL"
      />
    </div>
    <div
      className="sc-gZMcBi UIhMm"
    >
      <div
        className="sc-iwsKbI dRoDuh"
      >
        New Password
      </div>
      <input
        className="sc-dnqmqq cFKGVo"
        data-error={false}
        onInput={[Function]}
        placeholder="New Password"
        type="password"
      />
      <div
        className="sc-htoDjs knnjmL"
      />
    </div>
    <div
      className="sc-VigVT leyFzv"
    >
      <button
        className="sc-bdVaJa evUcPv"
        data-active={false}
        fontSize={32}
        height={88}
        onClick={[Function]}
        type="blue"
        width={488}
      >
        Save
      </button>
    </div>
  </div>
  <header
    className="sc-kGXeez coovXG"
  >
    <div
      className="sc-kpOJdX dBkpMv"
    >
      Change Password
    </div>
    <div
      className="sc-dxgOiQ jnaKWi"
      onClick={[Function]}
    />
  </header>
  <div
    className="sc-gzVnrw bbOeQD"
  >
    <a
      className="sc-EHOje gEifQf"
      href="/students/mypage"
      icon="/assets/img/students/footer/home@3x.png"
      onClick={[Function]}
    />
    <a
      className="sc-EHOje bIkBAA"
      href="/students/notifications"
      icon="/assets/img/students/footer/notification@3x.png"
      onClick={[Function]}
    />
    <a
      className="sc-EHOje exXkhS"
      href="/students/mypage"
      icon="/assets/img/students/footer/cart.png"
      onClick={[Function]}
    />
    <a
      className="sc-bZQynM iAxnUN"
      href="/students/reservations/new"
      icon="/assets/img/students/footer/calendar@3x.png"
      onClick={[Function]}
    />
  </div>
</div>
`;
