// Jest Snapshot v1, https://goo.gl/fbAQLP

exports[`render <CompleteAddFavorite /> 1`] = `
<div
  className="sc-htoDjs jABLAD"
>
  <div
    className="sc-gzVnrw gGucts"
  >
    <div
      className="sc-EHOje emHEG"
    >
      Successfully added to your favorites list!
    </div>
  </div>
  <div
    className="sc-dnqmqq kjKeQz"
  >
    <button
      className="sc-bdVaJa evUcPv"
      data-active={true}
      fontSize={32}
      height={88}
      onClick={[Function]}
      type="blue"
      width={488}
    >
      OK
    </button>
  </div>
</div>
`;
