// Jest Snapshot v1, https://goo.gl/fbAQLP

exports[`render <CompleteConversation /> 1`] = `
<div
  className="sc-htoDjs jABLAD"
>
  <div
    className="sc-gzVnrw gGucts"
  >
    <div
      className="sc-EHOje emHEG"
    >
      Thank you for using Sail
    </div>
  </div>
  <div
    className="sc-dnqmqq kjKeQz"
  >
    <button
      className="sc-bdVaJa evUcPv"
      data-active={true}
      fontSize={32}
      height={88}
      onClick={[Function]}
      type="blue"
      width={488}
    >
      <a
        className="sc-bwzfXH dYvddp"
        href="/students/mypage"
        onClick={[Function]}
      >
        OK
      </a>
    </button>
  </div>
</div>
`;
