// Jest Snapshot v1, https://goo.gl/fbAQLP

exports[`render <FailSignin /> 1`] = `
<div
  className="sc-htoDjs jABLAD"
>
  <div
    className="sc-gzVnrw gGucts"
  >
    <div
      className="sc-EHOje emHEG"
    >
      Failed to Sign in
    </div>
    <p
      className="sc-bZQynM igpBsz"
    >
      Please try again
    </p>
  </div>
  <div
    className="sc-dnqmqq kjKeQz"
  >
    <button
      className="sc-bdVaJa evUcPv"
      data-active={true}
      fontSize={32}
      height={88}
      onClick={[Function]}
      type="blue"
      width={488}
    >
      Close
    </button>
  </div>
</div>
`;
