// Jest Snapshot v1, https://goo.gl/fbAQLP

exports[`render <NotifyAbsence /> 1`] = `
<div
  className="sc-htoDjs jABLAD"
>
  <div
    className="sc-gzVnrw gGucts"
  >
    <div
      className="sc-EHOje fwRPcB"
    >
      Unexcused absence
    </div>
    <p
      className="sc-bZQynM igpBsz"
    >
      You were absent for your last conversation.

Please participate in the next conversation.
Otherwise, you will be penalized.
    </p>
  </div>
  <div
    className="sc-dnqmqq kjKeQz"
  >
    <button
      className="sc-bdVaJa evUcPv"
      data-active={true}
      fontSize={32}
      height={88}
      onClick={[Function]}
      type="blue"
      width={488}
    >
      OK
    </button>
  </div>
</div>
`;
