// Jest Snapshot v1, https://goo.gl/fbAQLP

exports[`render <EditPassword /> 1`] = `
<div
  className="sc-EHOje cpaeQV"
>
  <div
    className="sc-bZQynM hACQYa"
    data-error={false}
  >
    現在のパスワード
  </div>
  <input
    className="sc-gzVnrw kLVULG"
    data-error={false}
    maxLength={72}
    onInput={[Function]}
    pattern="^[0-9A-Za-z]+$"
    placeholder="半角英数8字以上"
    type="password"
  />
  <div
    className="sc-bZQynM hACQYa"
    data-error={false}
  >
    新しいパスワード
  </div>
  <input
    className="sc-gzVnrw kLVULG"
    data-error={false}
    maxLength={72}
    onInput={[Function]}
    pattern="^[0-9A-Za-z]+$"
    placeholder="半角英数8字以上"
    type="password"
  />
</div>
`;
