// Jest Snapshot v1, https://goo.gl/fbAQLP

exports[`render <EditPageButtons /> 1`] = `
<div
  className="sc-gZMcBi knidFe"
>
  <button
    className="sc-EHOje hzNCgF"
    data-active={true}
    fontSize={40}
    height={112}
    width={304}
  >
    <a
      className="sc-dnqmqq iPjOZM"
      href="/teachers/profile/edit"
      onClick={[Function]}
    >
      戻る
    </a>
  </button>
  <button
    className="sc-bZQynM jTOtoa"
    data-active={false}
    fontSize={40}
    height={112}
    onClick={[Function]}
    width={304}
  >
    <div
      className="sc-iwsKbI lgKvmV"
    >
      完了
    </div>
  </button>
</div>
`;
