// Jest Snapshot v1, https://goo.gl/fbAQLP

exports[`render <PasswordRenew /> 1`] = `
<div
  className="sc-chPdSV cypMfY"
>
  <div
    className="sc-kgoBCf ueoON"
  >
    パスワードを再設定します
新しいパスワードを入力してください
  </div>
  <div
    className="sc-gZMcBi IJyO"
  >
    <div
      className="sc-gqjmRU kVmZxy"
      data-error={false}
    >
      パスワード
    </div>
    <input
      className="sc-VigVT leLiDk"
      data-error={false}
      defaultValue=""
      maxLength={72}
      onInput={[Function]}
      pattern="^[0-9A-Za-z]+$"
      placeholder="半角英数8字以上"
      type="password"
    />
  </div>
  <div
    className="sc-kpOJdX gbhoQo"
  >
    <button
      className="sc-bZQynM jXsrCR"
      data-active={false}
      fontSize={40}
      height={112}
      onClick={[Function]}
      width={384}
    >
      <div
        className="sc-iwsKbI lgKvmV"
      >
        再設定する
      </div>
    </button>
  </div>
</div>
`;
