// Jest Snapshot v1, https://goo.gl/fbAQLP

exports[`render <PasswordReset /> 1`] = `
<div
  className="sc-chPdSV cypMfY"
>
  <div
    className="sc-kgoBCf ueoON"
  >
    登録したメールアドレスを
入力してください
  </div>
  <div
    className="sc-gZMcBi jutgkP"
  >
    <div
      className="sc-gqjmRU kVmZxy"
      data-error={false}
    >
      メールアドレス
    </div>
    <input
      className="sc-VigVT kpfTQ"
      data-error={false}
      defaultValue=""
      maxLength={254}
      name="mail"
      onInput={[Function]}
      placeholder="sail@example.com"
    />
  </div>
  <div
    className="sc-kpOJdX iMoyDM"
  >
    <button
      className="sc-EHOje hzNCgF"
      data-active={true}
      fontSize={40}
      height={112}
      width={304}
    >
      <a
        className="sc-dnqmqq iPjOZM"
        href="/teachers/signin"
        onClick={[Function]}
      >
        戻る
      </a>
    </button>
    <button
      className="sc-bZQynM jTOtoa"
      data-active={false}
      fontSize={40}
      height={112}
      onClick={[Function]}
      width={304}
    >
      <div
        className="sc-iwsKbI lgKvmV"
      >
        送信
      </div>
    </button>
  </div>
</div>
`;
