// Jest Snapshot v1, https://goo.gl/fbAQLP

exports[`render <RequestsDetail /> 1`] = `
<div
  className="sc-dqBHgY jsezhk"
>
  <header
    className="sc-gqjmRU kcRKOT"
  >
    <div
      className="sc-VigVT pzGHc"
    >
      Request Detail
    </div>
    <div
      className="sc-jTzLTM fHTCdL"
      onClick={[Function]}
    />
  </header>
</div>
`;
