// Jest Snapshot v1, https://goo.gl/fbAQLP

exports[`render <StudentsPasswordReset /> 1`] = `
<div
  className="sc-eNQAEJ dcQtlb"
>
  <div
    className="sc-dxgOiQ gtKKlQ"
  >
    <div
      className="sc-ckVGcZ lnRRru"
    >
      Please enter your email
    </div>
    <div
      className="sc-kpOJdX cvLuzE"
    >
      <div
        className="sc-kGXeez fKrAyL"
      >
        Email
      </div>
      <input
        className="sc-kgoBCf eGzvkR"
        data-error={false}
        onInput={[Function]}
        placeholder="Email"
        type="email"
      />
      <div
        className="sc-chPdSV eNzZGR"
      />
    </div>
    <div
      className="sc-jKJlTe cjswYw"
    >
      <button
        className="sc-bdVaJa eEjsbL"
        data-active={false}
        fontSize={32}
        height={88}
        onClick={[Function]}
        type="blue"
        width={494}
      >
        Send
      </button>
    </div>
  </div>
  <header
    className="sc-gqjmRU gZGMWp"
  >
    <div
      className="sc-VigVT jjOcSI"
    >
      Password Reset
    </div>
    <div
      className="sc-jTzLTM RWxjb"
      onClick={[Function]}
    />
  </header>
</div>
`;
