// Jest Snapshot v1, https://goo.gl/fbAQLP

exports[`render <StudentsPasswordRenew /> 1`] = `
<div
  className="sc-eNQAEJ dcQtlb"
>
  <div
    className="sc-dxgOiQ gtKKlQ"
  >
    <div
      className="sc-ckVGcZ gCHfES"
    >
      Please enter your new password
    </div>
    <div
      className="sc-kpOJdX cvLuzE"
    >
      <div
        className="sc-kGXeez fKrAyL"
      >
        New Password
      </div>
      <input
        className="sc-kgoBCf eGzvkR"
        data-error={false}
        onInput={[Function]}
        placeholder="New Password"
        type="password"
      />
      <div
        className="sc-chPdSV eNzZGR"
      />
    </div>
    <div
      className="sc-jKJlTe cjswYw"
    >
      <button
        className="sc-bdVaJa eEjsbL"
        data-active={false}
        fontSize={32}
        height={88}
        onClick={[Function]}
        type="blue"
        width={494}
      >
        Confirm
      </button>
    </div>
  </div>
  <header
    className="sc-gqjmRU gZGMWp"
  >
    <div
      className="sc-VigVT jjOcSI"
    >
      Password Reset
    </div>
    <div
      className="sc-jTzLTM RWxjb"
      onClick={[Function]}
    />
  </header>
</div>
`;
