// Jest Snapshot v1, https://goo.gl/fbAQLP

exports[`render <StudentsPrivacy /> 1`] = `
<div
  className="sc-kGXeez jiCLde"
>
  <p
    className="sc-bZQynM gkFmQT"
  >
    This application, running on a web browser and smartphone through the internet, serves the video chat and conversation with other registered users, provided by Helte co., ltd.
The company has established the following personal information protection policy. The company has created an arrangement for the protection of personal information, and makes sure that our initiative to ensure that all employees understand the importance of protecting personal information is strongly enforced. It is through the implementation of this policy that we protect your personal information.
  </p>
  <div>
    <h2
      className="sc-EHOje zkWQt"
    >
      Personal Information Management
    </h2>
    <p
      className="sc-bZQynM gkFmQT"
    >
      The company will keep customer personal information that is accurate and reflective of their current situation. The company has taken the necessary measures to prevent illegal access to personal information, lose of information, damage, falsification, illegal disclosure, etc., including maintaining a security system, establishing a management system, thorough enforcement of employee education, etc.
    </p>
  </div>
  <div>
    <h2
      className="sc-EHOje zkWQt"
    >
      Purpose of Using Personal Information
    </h2>
    <p
      className="sc-bZQynM gkFmQT"
    >
      When you register an account for this application, your (encrypted) email address, (encrypted) password, local timezone etc. may be recorded. We will not use this information outside of its intended use. The personal information you have given us will be used in identification or email or sending materials for contact from us, business information, and to answer your questions.
    </p>
  </div>
  <div>
    <h2
      className="sc-EHOje zkWQt"
    >
      Contents
    </h2>
    <p
      className="sc-bZQynM gkFmQT"
    >
      This application requires and provides User information to run the service properly and comfortably.
･ Email address (encrypted)
･ Password (encrypted)
･ Phone number
･ Country
･ Local timezone
･ User photo
･ Gender
･ Language speaking level
･ Conversation topics
･ History of conversation (optional)
･ Conversation schedule (optional)

Each content should be appropriate for the purpose of this service - conversation. User may not pretend another existing person or not attempt to harm people.

Any improper contents will be deleted or nullified without warning in advance.

If you find your data property is used by another user, please notify us by email written at the very bottom of this page.
    </p>
  </div>
  <div>
    <h2
      className="sc-EHOje zkWQt"
    >
      Release of personal information to third parties; prohibition of program
    </h2>
    <p
      className="sc-bZQynM gkFmQT"
    >
      The company will manage the personal information you provided to us in a appropriate manner. With the exclusion of cases corresponding to the following conditions, the company will not release your personal information to third parties.
    </p>
  </div>
  <div>
    <h2
      className="sc-EHOje zkWQt"
    >
      Customers have agreed to the sharing of their personal information
    </h2>
    <p
      className="sc-bZQynM gkFmQT"
    >
      In order to carry out services requested by the customer, it is necessary for the company to release information to the contractors it entrusts with relevant operations It is necessary to release information based on current laws and ordinances.
    </p>
  </div>
  <div>
    <h2
      className="sc-EHOje zkWQt"
    >
      Personal Information Security Measures
    </h2>
    <p
      className="sc-bZQynM gkFmQT"
    >
      The company has taken thorough security measures to guarantee the accuracy as well as security of your personal information.
    </p>
  </div>
  <div>
    <h2
      className="sc-EHOje zkWQt"
    >
      Personal Inquiry
    </h2>
    <p
      className="sc-bZQynM gkFmQT"
    >
      Requests by an individual to reference, amend, or erase their personal information will be granted upon confirmation of the individual’s identity.
    </p>
  </div>
  <div>
    <h2
      className="sc-EHOje zkWQt"
    >
      Use of Stripe
    </h2>
    <p
      className="sc-bZQynM gkFmQT"
    >
      <span>
        We use a third party payment processor, Stripe, for a part of payments. Sail does not store credit card details and instead relies on Stripe for this. 

We use a third party payment processor to process payments made to us. In connection with the processing of such payments, we do not retain any personally identifiable information or any financial information such as credit card numbers. Rather, all such information is provided directly to our third party processor, Stripe, whose use of your personal information is governed by their privacy policy, which may be viewed at the below link.

Stripe Privacy Policy: 
      </span>
      <span>
        <a
          href="https://stripe.com/us/privacy"
          target="_blank"
        >
          https://stripe.com/us/privacy
        </a>
      </span>
      <span>
        
      </span>
    </p>
  </div>
  <div>
    <h2
      className="sc-EHOje zkWQt"
    >
      Use of Twilio
    </h2>
    <p
      className="sc-bZQynM gkFmQT"
    >
      <span>
        We use the Twilio API text messaging platform owned by Twilio Inc., 375 Beale Street, Suite 300, San Francisco, CA 94105, USA. Twilio have signed up to covered by the EU-US Privacy Shield framework.

Twilio uses your data in an anonymized form to both improve their services and for statistical purposes. However, Twilio will not use your phone number to call you, or share your number with any third party.

Twilio’s Privacy Policy: 
      </span>
      <span>
        <a
          href="https://www.twilio.com/legal/privacy"
          target="_blank"
        >
          https://www.twilio.com/legal/privacy
        </a>
      </span>
      <span>
        
      </span>
    </p>
  </div>
  <div>
    <h2
      className="sc-EHOje zkWQt"
    >
      Use of Google Analytics
    </h2>
    <p
      className="sc-bZQynM gkFmQT"
    >
      <span>
        This application has integrated the component of Google Analytics to analyze usage situation. Google Analytics is a web analytics service to collect, gather, and analyze data about the behaviour of visitors to Sail. It never include any identifying information in the data, and all those may be owned by Google Inc. To learn more detail about Google Analytics, visit the below URLs accordingly provided by Google Inc.

Google Analytics Terms of Service: 
      </span>
      <span>
        <a
          href="https://www.google.com/analytics/terms/us.html"
          target="_blank"
        >
          https://www.google.com/analytics/terms/us.html
        </a>
      </span>
      <span>
        

Google Analytics Privacy Policy: 
      </span>
      <span>
        <a
          href="https://www.google.com/intl/en/policies/privacy"
          target="_blank"
        >
          https://www.google.com/intl/en/policies/privacy
        </a>
      </span>
      <span>
        
      </span>
    </p>
  </div>
  <div>
    <h2
      className="sc-EHOje zkWQt"
    >
      Use of Sentry
    </h2>
    <p
      className="sc-bZQynM gkFmQT"
    >
      <span>
        We are constantly improving and developing our service to provide our users with the best possible customer experience. Therefore, for cases of unexpected errors, we use Sentry, an error tracking tool from Functional Software Inc. (hereinafter “Sentry”). To improve the accessibility and technical stability of our service, we send minimum data about errors to Functional Software Inc., and Functional Software Inc. turns back Helte to analyze the errors. To learn more detail about Sentry, visit the below URL accordingly provided by Functional Software Inc.

Sentry Privacy Policy: 
      </span>
      <span>
        <a
          href="https://sentry.io/privacy/"
          target="_blank"
        >
          https://sentry.io/privacy/
        </a>
      </span>
      <span>
        
      </span>
    </p>
  </div>
  <div>
    <h2
      className="sc-EHOje zkWQt"
    >
      Compliance with Laws, Ordinances, and Standards and Revision
    </h2>
    <p
      className="sc-bZQynM gkFmQT"
    >
      With concern to the personal information this company has, to go along with and adhere to the laws and ordinances adopted by Japan and other standards, the company may revise the current policy content in efforts to improve the policy.
    </p>
  </div>
  <div>
    <h2
      className="sc-EHOje zkWQt"
    >
      About service
    </h2>
    <p
      className="sc-bZQynM gkFmQT"
    >
      Company contact and service information are written in the company page.
    </p>
  </div>
  <div>
    <h2
      className="sc-EHOje zkWQt"
    >
      Inquires
    </h2>
    <p
      className="sc-bZQynM gkFmQT"
    >
      <span>
        For inquiries concerning the company’s handling of personal information, please contact us at: 
      </span>
      <span>
        <a
          href="mailto:support@helte-corp.com"
          target="_blank"
        >
          support@helte-corp.com
        </a>
      </span>
      <span>
        .
      </span>
    </p>
  </div>
  <header
    className="sc-jTzLTM gniuBU"
  >
    <div
      className="sc-fjdhpX elOMpg"
    >
      Privacy Policy
    </div>
    <div
      className="sc-jzJRlG YWUlh"
      onClick={[Function]}
    />
  </header>
</div>
`;
