// Jest Snapshot v1, https://goo.gl/fbAQLP

exports[`render <EditPassword /> 1`] = `
<div
  className="sc-dnqmqq VTFQR"
>
  <div
    className="sc-htoDjs bXSIZO"
  >
    <div
      className="sc-gzVnrw cegWGq"
    >
      Current Password
    </div>
    <input
      className="sc-bZQynM kKwPOo"
      data-error={false}
      onInput={[Function]}
      placeholder="Current Password"
      type="password"
    />
    <div
      className="sc-EHOje gtuuwv"
    />
  </div>
  <div
    className="sc-htoDjs bXSIZO"
  >
    <div
      className="sc-gzVnrw cegWGq"
    >
      New Password
    </div>
    <input
      className="sc-bZQynM kKwPOo"
      data-error={false}
      onInput={[Function]}
      placeholder="New Password"
      type="password"
    />
    <div
      className="sc-EHOje gtuuwv"
    />
  </div>
  <div
    className="sc-iwsKbI dYMGOS"
  >
    <button
      className="sc-bdVaJa evUcPv"
      data-active={false}
      fontSize={32}
      height={88}
      onClick={[Function]}
      type="blue"
      width={488}
    >
      Save
    </button>
  </div>
</div>
`;
