// Jest Snapshot v1, https://goo.gl/fbAQLP

exports[`render <PasswordReset /> 1`] = `
<div
  className="sc-jTzLTM hDLiwJ"
>
  <div
    className="sc-fjdhpX gqbTsM"
  >
    Please enter your email
  </div>
  <div
    className="sc-htoDjs bXSIZO"
  >
    <div
      className="sc-gzVnrw cegWGq"
    >
      Email
    </div>
    <input
      className="sc-bZQynM kKwPOo"
      data-error={false}
      onInput={[Function]}
      placeholder="Email"
      type="email"
    />
    <div
      className="sc-EHOje gtuuwv"
    />
  </div>
  <div
    className="sc-jzJRlG chznXU"
  >
    <button
      className="sc-bdVaJa eEjsbL"
      data-active={false}
      fontSize={32}
      height={88}
      onClick={[Function]}
      type="blue"
      width={494}
    >
      Send
    </button>
  </div>
</div>
`;
