// Jest Snapshot v1, https://goo.gl/fbAQLP

exports[`render <ConfirmBlock /> 1`] = `
<div
  className="sc-kAzzGY gEvfts"
>
  <div
    className="sc-VigVT kaYUeB"
  >
    <div
      className="sc-gZMcBi fxOrEW"
    >
      この学生をお気に入りに追加しますか？
    </div>
  </div>
  <div
    className="sc-kgoBCf jyrmPB"
  >
    お気に入りに追加した学生は、[メニュー] &gt; [お気に入り一覧] から確認することができます。
  </div>
  <div
    className="sc-chPdSV hiSuyO"
  >
    <button
      className="sc-EHOje dyvxUy"
      data-active={true}
      fontSize={40}
      height={112}
      onClick={[Function]}
      width={272}
    >
      <div
        className="sc-iwsKbI lgKvmV"
      >
        いいえ
      </div>
    </button>
    <button
      className="sc-bZQynM iiToMd"
      data-active={true}
      fontSize={40}
      height={112}
      onClick={[Function]}
      width={272}
    >
      <div
        className="sc-iwsKbI lgKvmV"
      >
        はい
      </div>
    </button>
  </div>
</div>
`;
