// Jest Snapshot v1, https://goo.gl/fbAQLP

exports[`render <FailSignup /> 1`] = `
<div
  className="sc-jTzLTM dMEaru"
>
  <div
    className="sc-VigVT kaYUeB"
  >
    <div
      className="sc-gZMcBi jeuDio"
    >
      新規登録に失敗しました
    </div>
  </div>
  <div
    className="sc-fjdhpX efXwve"
  >
    <button
      className="sc-bZQynM jTOtoa"
      data-active={true}
      fontSize={40}
      height={112}
      onClick={[Function]}
      width={304}
    >
      <div
        className="sc-iwsKbI lgKvmV"
      >
        とじる
      </div>
    </button>
  </div>
</div>
`;
