// Jest Snapshot v1, https://goo.gl/fbAQLP

exports[`render <Footnote /> 1`] = `
<small
  className="sc-bdVaJa fbxrCH"
>
  新規会員登録により、私はSailの
  <a
    className="sc-bwzfXH gkpErz"
    href="/teachers/terms"
    onClick={[Function]}
  >
    利用規約
  </a>
  、
  <a
    className="sc-bwzfXH gkpErz"
    href="/teachers/privacy"
    onClick={[Function]}
  >
    プライバシーポリシー
  </a>
  に同意します。
</small>
`;
