// Jest Snapshot v1, https://goo.gl/fbAQLP

exports[`render <InputPassword /> 1`] = `
<div
  className="sc-bdVaJa faPyVg"
>
  <div
    className="sc-bwzfXH CfcXv"
    data-error={false}
  >
    パスワード
  </div>
  <input
    className="sc-htpNat kcpmoO"
    data-error={false}
    defaultValue=""
    maxLength={72}
    onInput={[Function]}
    pattern="^[0-9A-Za-z]+$"
    placeholder="半角英数8字以上"
    type="password"
  />
</div>
`;
