// Jest Snapshot v1, https://goo.gl/fbAQLP

exports[`render <TeachersPasswordReset /> 1`] = `
<div
  className="sc-kkGfuU kBHvTG"
>
  <div
    className="sc-jKJlTe hHLXRu"
  >
    <div
      className="sc-eNQAEJ cuxGLA"
    >
      登録したメールアドレスを
入力してください
    </div>
    <div
      className="sc-cSHVUG dJUEwk"
    >
      <div
        className="sc-kAzzGY kLtOd"
        data-error={false}
      >
        メールアドレス
      </div>
      <input
        className="sc-chPdSV hkBQDR"
        data-error={false}
        defaultValue=""
        maxLength={254}
        name="mail"
        onInput={[Function]}
        placeholder="sail@example.com"
      />
    </div>
    <div
      className="sc-kEYyzF gSLsJy"
    >
      <button
        className="sc-gZMcBi dNKJEZ"
        data-active={true}
        fontSize={40}
        height={112}
        width={304}
      >
        <a
          className="sc-fjdhpX fRklgf"
          href="/teachers/signin"
          onClick={[Function]}
        >
          戻る
        </a>
      </button>
      <button
        className="sc-gqjmRU bhAvEZ"
        data-active={false}
        fontSize={40}
        height={112}
        onClick={[Function]}
        width={304}
      >
        <div
          className="sc-jzJRlG dIrfbV"
        >
          送信
        </div>
      </button>
    </div>
  </div>
  <div
    className="sc-EHOje itwipb"
  >
    <div
      className="sc-bZQynM bZKBNj"
    >
      パスワードの再設定
    </div>
    <a
      className="sc-gzVnrw jTRbiO"
      href="/teachers"
      onClick={[Function]}
    >
      最初に戻る
    </a>
  </div>
</div>
`;
