// Jest Snapshot v1, https://goo.gl/fbAQLP

exports[`render <TeachersPasswordRenew /> 1`] = `
<div
  className="sc-kkGfuU gkfUzF"
>
  <div
    className="sc-jKJlTe hHLXRu"
  >
    <div
      className="sc-eNQAEJ cuxGLA"
    >
      パスワードを再設定します
新しいパスワードを入力してください
    </div>
    <div
      className="sc-cSHVUG fCjWeB"
    >
      <div
        className="sc-kAzzGY kLtOd"
        data-error={false}
      >
        パスワード
      </div>
      <input
        className="sc-chPdSV cPYPXI"
        data-error={false}
        defaultValue=""
        maxLength={72}
        onInput={[Function]}
        pattern="^[0-9A-Za-z]+$"
        placeholder="半角英数8字以上"
        type="password"
      />
    </div>
    <div
      className="sc-kEYyzF hOgSvQ"
    >
      <button
        className="sc-gqjmRU bRslaX"
        data-active={false}
        fontSize={40}
        height={112}
        onClick={[Function]}
        width={384}
      >
        <div
          className="sc-jzJRlG dIrfbV"
        >
          再設定する
        </div>
      </button>
    </div>
  </div>
  <div
    className="sc-EHOje itwipb"
  >
    <div
      className="sc-bZQynM bZKBNj"
    >
      パスワードの再設定
    </div>
  </div>
</div>
`;
