// Jest Snapshot v1, https://goo.gl/fbAQLP

exports[`render <Star /> 1`] = `
<div>
  <img
    className="sc-bdVaJa fOqucS"
    src="/assets/img/common/full-star@3x.png"
  />
  <img
    className="sc-bdVaJa fOqucS"
    src="/assets/img/common/half-star@3x.png"
  />
  <img
    className="sc-bdVaJa fOqucS"
    src="/assets/img/common/empty-star@3x.png"
  />
</div>
`;
