// Jest Snapshot v1, https://goo.gl/fbAQLP

exports[`render <FooterButton /> 1`] = `
<div
  className="sc-bxivhb ihTexl"
>
  <div
    className="sc-htpNat dAEpvs"
  >
    Password
  </div>
  <input
    className="sc-bwzfXH fKJexp"
    data-error={false}
    onInput={[Function]}
    placeholder="Password"
    type="password"
  />
  <div
    className="sc-bdVaJa fqKIaj"
  />
</div>
`;
