// Jest Snapshot v1, https://goo.gl/fbAQLP

exports[`render <TimeZoneSelect /> 1`] = `
<div
  className="sc-ifAKCX hlZnTI"
>
  <div
    className="sc-bdVaJa hckTEI"
  >
    Time Zone
  </div>
  <select
    className="sc-bwzfXH hIkiXe"
    defaultValue="Asia/Tokyo"
    onChange={[Function]}
    required={true}
  >
    <option
      value="America/New_York"
    >
      America/New_York
    </option>
    <option
      value="America/Detroit"
    >
      America/Detroit
    </option>
    <option
      value="America/Kentucky/Louisville"
    >
      America/Kentucky/Louisville
    </option>
    <option
      value="America/Kentucky/Monticello"
    >
      America/Kentucky/Monticello
    </option>
    <option
      value="America/Indiana/Indianapolis"
    >
      America/Indiana/Indianapolis
    </option>
    <option
      value="America/Indiana/Vincennes"
    >
      America/Indiana/Vincennes
    </option>
    <option
      value="America/Indiana/Winamac"
    >
      America/Indiana/Winamac
    </option>
    <option
      value="America/Indiana/Marengo"
    >
      America/Indiana/Marengo
    </option>
    <option
      value="America/Indiana/Petersburg"
    >
      America/Indiana/Petersburg
    </option>
    <option
      value="America/Indiana/Vevay"
    >
      America/Indiana/Vevay
    </option>
    <option
      value="America/Chicago"
    >
      America/Chicago
    </option>
    <option
      value="America/Indiana/Tell_City"
    >
      America/Indiana/Tell_City
    </option>
    <option
      value="America/Indiana/Knox"
    >
      America/Indiana/Knox
    </option>
    <option
      value="America/Menominee"
    >
      America/Menominee
    </option>
    <option
      value="America/North_Dakota/Center"
    >
      America/North_Dakota/Center
    </option>
    <option
      value="America/North_Dakota/New_Salem"
    >
      America/North_Dakota/New_Salem
    </option>
    <option
      value="America/North_Dakota/Beulah"
    >
      America/North_Dakota/Beulah
    </option>
    <option
      value="America/Denver"
    >
      America/Denver
    </option>
    <option
      value="America/Boise"
    >
      America/Boise
    </option>
    <option
      value="America/Phoenix"
    >
      America/Phoenix
    </option>
    <option
      value="America/Los_Angeles"
    >
      America/Los_Angeles
    </option>
    <option
      value="America/Anchorage"
    >
      America/Anchorage
    </option>
    <option
      value="America/Juneau"
    >
      America/Juneau
    </option>
    <option
      value="America/Sitka"
    >
      America/Sitka
    </option>
    <option
      value="America/Metlakatla"
    >
      America/Metlakatla
    </option>
    <option
      value="America/Yakutat"
    >
      America/Yakutat
    </option>
    <option
      value="America/Nome"
    >
      America/Nome
    </option>
    <option
      value="America/Adak"
    >
      America/Adak
    </option>
    <option
      value="Pacific/Honolulu"
    >
      Pacific/Honolulu
    </option>
  </select>
  <div
    className="sc-bxivhb jsAXDA"
  />
</div>
`;
