// Jest Snapshot v1, https://goo.gl/fbAQLP

exports[`render <FooterButton /> 1`] = `
<div
  className="sc-bdVaJa dqmDhL"
>
  <div
    className="sc-bwzfXH gcJhme"
    data-day-line="true"
  >
    Sun
  </div>
  <div
    className="sc-bwzfXH gcJhme"
    data-day-line="true"
  >
    Mon
  </div>
  <div
    className="sc-bwzfXH gcJhme"
    data-day-line="true"
  >
    Tue
  </div>
  <div
    className="sc-bwzfXH gcJhme"
    data-day-line="true"
  >
    Wed
  </div>
  <div
    className="sc-bwzfXH gcJhme"
    data-day-line="true"
  >
    Thu
  </div>
  <div
    className="sc-bwzfXH gcJhme"
    data-day-line="true"
  >
    Fri
  </div>
  <div
    className="sc-bwzfXH gcJhme"
    data-day-line="true"
  >
    Sat
  </div>
  <div
    className="sc-bwzfXH gcJhme"
  />
  <div
    className="sc-bwzfXH gcJhme"
  />
  <div
    className="sc-bwzfXH gcJhme"
  />
  <div
    className="sc-bwzfXH gcJhme"
  />
  <div
    className="sc-bwzfXH gcJhme"
    data-disabled={true}
    data-selected={false}
    data-status={null}
    onClick={[Function]}
  >
    1
  </div>
  <div
    className="sc-bwzfXH gcJhme"
    data-disabled={true}
    data-selected={false}
    data-status={null}
    onClick={[Function]}
  >
    2
  </div>
  <div
    className="sc-bwzfXH gcJhme"
    data-disabled={true}
    data-selected={false}
    data-status={null}
    onClick={[Function]}
  >
    3
  </div>
  <div
    className="sc-bwzfXH gcJhme"
    data-disabled={true}
    data-selected={false}
    data-status={null}
    onClick={[Function]}
  >
    4
  </div>
  <div
    className="sc-bwzfXH gcJhme"
    data-disabled={true}
    data-selected={false}
    data-status={null}
    onClick={[Function]}
  >
    5
  </div>
  <div
    className="sc-bwzfXH gcJhme"
    data-disabled={true}
    data-selected={false}
    data-status={null}
    onClick={[Function]}
  >
    6
  </div>
  <div
    className="sc-bwzfXH gcJhme"
    data-disabled={true}
    data-selected={false}
    data-status={null}
    onClick={[Function]}
  >
    7
  </div>
  <div
    className="sc-bwzfXH gcJhme"
    data-disabled={true}
    data-selected={false}
    data-status={null}
    onClick={[Function]}
  >
    8
  </div>
  <div
    className="sc-bwzfXH gcJhme"
    data-disabled={true}
    data-selected={false}
    data-status={null}
    onClick={[Function]}
  >
    9
  </div>
  <div
    className="sc-bwzfXH gcJhme"
    data-disabled={true}
    data-selected={false}
    data-status={null}
    onClick={[Function]}
  >
    10
  </div>
  <div
    className="sc-bwzfXH gcJhme"
    data-disabled={true}
    data-selected={false}
    data-status={null}
    onClick={[Function]}
  >
    11
  </div>
  <div
    className="sc-bwzfXH gcJhme"
    data-disabled={true}
    data-selected={false}
    data-status={null}
    onClick={[Function]}
  >
    12
  </div>
  <div
    className="sc-bwzfXH gcJhme"
    data-disabled={true}
    data-selected={false}
    data-status={null}
    onClick={[Function]}
  >
    13
  </div>
  <div
    className="sc-bwzfXH gcJhme"
    data-disabled={true}
    data-selected={false}
    data-status={null}
    onClick={[Function]}
  >
    14
  </div>
  <div
    className="sc-bwzfXH gcJhme"
    data-disabled={true}
    data-selected={false}
    data-status={null}
    onClick={[Function]}
  >
    15
  </div>
  <div
    className="sc-bwzfXH gcJhme"
    data-disabled={true}
    data-selected={false}
    data-status={null}
    onClick={[Function]}
  >
    16
  </div>
  <div
    className="sc-bwzfXH gcJhme"
    data-disabled={true}
    data-selected={false}
    data-status={null}
    onClick={[Function]}
  >
    17
  </div>
  <div
    className="sc-bwzfXH gcJhme"
    data-disabled={true}
    data-selected={false}
    data-status={null}
    onClick={[Function]}
  >
    18
  </div>
  <div
    className="sc-bwzfXH gcJhme"
    data-disabled={true}
    data-selected={false}
    data-status={null}
    onClick={[Function]}
  >
    19
  </div>
  <div
    className="sc-bwzfXH gcJhme"
    data-disabled={true}
    data-selected={false}
    data-status={null}
    onClick={[Function]}
  >
    20
  </div>
  <div
    className="sc-bwzfXH gcJhme"
    data-disabled={true}
    data-selected={false}
    data-status={null}
    onClick={[Function]}
  >
    21
  </div>
  <div
    className="sc-bwzfXH gcJhme"
    data-disabled={true}
    data-selected={false}
    data-status={null}
    onClick={[Function]}
  >
    22
  </div>
  <div
    className="sc-bwzfXH gcJhme"
    data-disabled={true}
    data-selected={false}
    data-status={null}
    onClick={[Function]}
  >
    23
  </div>
  <div
    className="sc-bwzfXH gcJhme"
    data-disabled={true}
    data-selected={false}
    data-status={null}
    onClick={[Function]}
  >
    24
  </div>
  <div
    className="sc-bwzfXH gcJhme"
    data-disabled={true}
    data-selected={false}
    data-status={null}
    onClick={[Function]}
  >
    25
  </div>
  <div
    className="sc-bwzfXH gcJhme"
    data-disabled={true}
    data-selected={false}
    data-status={null}
    onClick={[Function]}
  >
    26
  </div>
  <div
    className="sc-bwzfXH gcJhme"
    data-disabled={true}
    data-selected={false}
    data-status={null}
    onClick={[Function]}
  >
    27
  </div>
  <div
    className="sc-bwzfXH gcJhme"
    data-disabled={true}
    data-selected={false}
    data-status={null}
    onClick={[Function]}
  >
    28
  </div>
  <div
    className="sc-bwzfXH gcJhme"
    data-disabled={true}
    data-selected={false}
    data-status={null}
    onClick={[Function]}
  >
    29
  </div>
  <div
    className="sc-bwzfXH gcJhme"
    data-disabled={true}
    data-selected={false}
    data-status={null}
    onClick={[Function]}
  >
    30
  </div>
  <div
    className="sc-bwzfXH gcJhme"
    data-disabled={true}
    data-selected={false}
    data-status={null}
    onClick={[Function]}
  >
    31
  </div>
</div>
`;
