// Jest Snapshot v1, https://goo.gl/fbAQLP

exports[`render <Week /> 1`] = `
<div
  className="sc-bdVaJa bbgQhG"
>
  <div
    className="sc-bwzfXH kXsLAh"
  >
    June 2018
  </div>
  <div
    className="sc-htpNat iGmMsV"
  >
    <div
      className="sc-bxivhb hNtksw"
    >
      Sun
    </div>
    <div
      className="sc-bxivhb hNtksw"
    >
      Mon
    </div>
    <div
      className="sc-bxivhb hNtksw"
    >
      Tue
    </div>
    <div
      className="sc-bxivhb hNtksw"
    >
      Wed
    </div>
    <div
      className="sc-bxivhb hNtksw"
    >
      Thu
    </div>
    <div
      className="sc-bxivhb hNtksw"
    >
      Fri
    </div>
    <div
      className="sc-bxivhb hNtksw"
    >
      Sat
    </div>
  </div>
  <div
    className="sc-ifAKCX jPyQjc"
  >
    <div
      className="sc-EHOje cRZtzR"
    >
      3
    </div>
    <div
      className="sc-EHOje cRZtzR"
    >
      4
    </div>
    <div
      className="sc-EHOje cRZtzR"
    >
      5
    </div>
    <div
      className="sc-EHOje cRZtzR"
    >
      6
    </div>
    <div
      className="sc-EHOje cRZtzR"
    >
      7
    </div>
    <div
      className="sc-EHOje cRZtzR"
    >
      8
    </div>
    <div
      className="sc-EHOje cRZtzR"
    >
      9
    </div>
  </div>
</div>
`;
