// Jest Snapshot v1, https://goo.gl/fbAQLP

exports[`render <RequestsIndex /> 1`] = `
<div
  className="sc-iRbamj hdvZhl"
>
  <div
    className="sc-gPEVay kvMfKm"
  />
  <div
    className="sc-EHOje itwipb"
  >
    <div
      className="sc-bZQynM bZKBNj"
    >
      予約リクエスト一覧
    </div>
    <a
      className="sc-gzVnrw jTRbiO"
      href="/teachers/mypage"
      onClick={[Function]}
    >
      ホームに戻る
    </a>
    <div
      className="sc-htoDjs fUCPvq"
    >
      <a
        className="sc-dnqmqq engvPe"
        href="/teachers/notifications"
        onClick={[Function]}
      />
      <a
        className="sc-iwsKbI jCgDjX"
        href="/teachers/support"
        onClick={[Function]}
      />
    </div>
  </div>
</div>
`;
