// Jest Snapshot v1, https://goo.gl/fbAQLP

exports[`render <TeachersBlockedDetail /> 1`] = `
<div
  className="sc-kafWEX kLyQPG"
>
  <div
    className="sc-EHOje itwipb"
  >
    <div
      className="sc-bZQynM bZKBNj"
    >
      ブロックした世界の人詳細
    </div>
    <a
      className="sc-gzVnrw jTRbiO"
      href="/teachers/mypage"
      onClick={[Function]}
    >
      ホームに戻る
    </a>
  </div>
</div>
`;
