// Jest Snapshot v1, https://goo.gl/fbAQLP

exports[`render <Calendar /> 1`] = `
<div
  className="sc-kGXeez ctwAEF"
>
  <div
    className="sc-kpOJdX QxoPR"
    data-day-line="true"
  >
    日
  </div>
  <div
    className="sc-kpOJdX QxoPR"
    data-day-line="true"
  >
    月
  </div>
  <div
    className="sc-kpOJdX QxoPR"
    data-day-line="true"
  >
    火
  </div>
  <div
    className="sc-kpOJdX QxoPR"
    data-day-line="true"
  >
    水
  </div>
  <div
    className="sc-kpOJdX QxoPR"
    data-day-line="true"
  >
    木
  </div>
  <div
    className="sc-kpOJdX QxoPR"
    data-day-line="true"
  >
    金
  </div>
  <div
    className="sc-kpOJdX QxoPR"
    data-day-line="true"
  >
    土
  </div>
  <div
    className="sc-kpOJdX QxoPR"
  />
  <div
    className="sc-kpOJdX QxoPR"
  />
  <div
    className="sc-kpOJdX QxoPR"
    data-status="past"
    onClick={[Function]}
  >
    1
  </div>
  <div
    className="sc-kpOJdX QxoPR"
    data-status="past"
    onClick={[Function]}
  >
    2
  </div>
  <div
    className="sc-kpOJdX QxoPR"
    data-status="past"
    onClick={[Function]}
  >
    3
  </div>
  <div
    className="sc-kpOJdX QxoPR"
    data-status="past"
    onClick={[Function]}
  >
    4
  </div>
  <div
    className="sc-kpOJdX QxoPR"
    data-status="past"
    onClick={[Function]}
  >
    5
  </div>
  <div
    className="sc-kpOJdX QxoPR"
    data-status="past"
    onClick={[Function]}
  >
    6
  </div>
  <div
    className="sc-kpOJdX QxoPR"
    data-status="past"
    onClick={[Function]}
  >
    7
  </div>
  <div
    className="sc-kpOJdX QxoPR"
    data-status="past"
    onClick={[Function]}
  >
    8
  </div>
  <div
    className="sc-kpOJdX QxoPR"
    data-status="past"
    onClick={[Function]}
  >
    9
  </div>
  <div
    className="sc-kpOJdX QxoPR"
    data-status="past"
    onClick={[Function]}
  >
    10
  </div>
  <div
    className="sc-kpOJdX QxoPR"
    data-status="past"
    onClick={[Function]}
  >
    11
  </div>
  <div
    className="sc-kpOJdX QxoPR"
    data-status="past"
    onClick={[Function]}
  >
    12
  </div>
  <div
    className="sc-kpOJdX QxoPR"
    data-status="past"
    onClick={[Function]}
  >
    13
  </div>
  <div
    className="sc-kpOJdX QxoPR"
    data-status="past"
    onClick={[Function]}
  >
    14
  </div>
  <div
    className="sc-kpOJdX QxoPR"
    data-status="past"
    onClick={[Function]}
  >
    15
  </div>
  <div
    className="sc-kpOJdX QxoPR"
    data-status="past"
    onClick={[Function]}
  >
    16
  </div>
  <div
    className="sc-kpOJdX QxoPR"
    data-status="past"
    onClick={[Function]}
  >
    17
  </div>
  <div
    className="sc-kpOJdX QxoPR"
    data-status="past"
    onClick={[Function]}
  >
    18
  </div>
  <div
    className="sc-kpOJdX QxoPR"
    data-status="past"
    onClick={[Function]}
  >
    19
  </div>
  <div
    className="sc-kpOJdX QxoPR"
    data-status="past"
    onClick={[Function]}
  >
    20
  </div>
  <div
    className="sc-kpOJdX QxoPR"
    data-status="past"
    onClick={[Function]}
  >
    21
  </div>
  <div
    className="sc-kpOJdX QxoPR"
    data-status="past"
    onClick={[Function]}
  >
    22
  </div>
  <div
    className="sc-kpOJdX QxoPR"
    data-status="past"
    onClick={[Function]}
  >
    23
  </div>
  <div
    className="sc-kpOJdX QxoPR"
    data-status="past"
    onClick={[Function]}
  >
    24
  </div>
  <div
    className="sc-kpOJdX QxoPR"
    data-status="past"
    onClick={[Function]}
  >
    25
  </div>
  <div
    className="sc-kpOJdX QxoPR"
    data-status="past"
    onClick={[Function]}
  >
    26
  </div>
  <div
    className="sc-kpOJdX QxoPR"
    data-status="past"
    onClick={[Function]}
  >
    27
  </div>
  <div
    className="sc-kpOJdX QxoPR"
    data-status="past"
    onClick={[Function]}
  >
    28
  </div>
  <div
    className="sc-kpOJdX QxoPR"
    data-status="past"
    onClick={[Function]}
  >
    29
  </div>
  <div
    className="sc-kpOJdX QxoPR"
    data-status="past"
    onClick={[Function]}
  >
    30
  </div>
  <div
    className="sc-kpOJdX QxoPR"
    data-status="past"
    onClick={[Function]}
  >
    31
  </div>
  <div
    className="sc-kpOJdX QxoPR"
  />
  <div
    className="sc-kpOJdX QxoPR"
  />
</div>
`;
