// Jest Snapshot v1, https://goo.gl/fbAQLP

exports[`render <Header /> 1`] = `
<div
  className="sc-bdVaJa fkMOnY"
>
  <div
    className="sc-bwzfXH gdPwVK"
  >
    新規登録
  </div>
  <a
    className="sc-htpNat kqriZa"
    href="/teachers/mypage"
    onClick={[Function]}
  >
    ホームに戻る
  </a>
</div>
`;
