// Jest Snapshot v1, https://goo.gl/fbAQLP

exports[`render <InputMailAndPassword /> 1`] = `
<div
  className="sc-bZQynM bCUdom"
>
  <div
    className="sc-bdVaJa SRmkz"
  >
    <div
      className="sc-bwzfXH CfcXv"
      data-error={false}
    >
      メールアドレス
    </div>
    <input
      className="sc-htpNat NsTik"
      data-error={false}
      defaultValue=""
      maxLength={254}
      name="mail"
      onInput={[Function]}
      placeholder="sail@example.com"
    />
  </div>
  <div
    className="sc-bxivhb hEzhDS"
  >
    <div
      className="sc-ifAKCX hYHdCw"
      data-error={false}
    >
      パスワード
    </div>
    <input
      className="sc-EHOje SoFRe"
      data-error={false}
      defaultValue=""
      maxLength={72}
      onInput={[Function]}
      pattern="^[0-9A-Za-z]+$"
      placeholder="半角英数8字以上"
      type="password"
    />
  </div>
</div>
`;
